// Jest Snapshot v1, https://goo.gl/fbAQLP

exports[`Timer should render Timer as expected 1`] = `
ShallowWrapper {
  "length": 1,
  Symbol(enzyme.__root__): [Circular],
  Symbol(enzyme.__unrendered__): <Timer
    isRunning={true}
  />,
  Symbol(enzyme.__renderer__): Object {
    "batchedUpdates": [Function],
    "getNode": [Function],
    "render": [Function],
    "simulateEvent": [Function],
    "unmount": [Function],
  },
  Symbol(enzyme.__node__): Object {
    "instance": null,
    "key": undefined,
    "nodeType": "host",
    "props": Object {
      "children": <p
        className={undefined}
      >
        <span
          className={undefined}
        >
          00
        </span>
        <span
          className={undefined}
        >
          .
        </span>
        <span
          className={undefined}
        >
          0
        </span>
        <span
          className={undefined}
        >
          0
        </span>
      </p>,
      "className": "undefined",
    },
    "ref": null,
    "rendered": Object {
      "instance": null,
      "key": undefined,
      "nodeType": "host",
      "props": Object {
        "children": Array [
          null,
          <span
            className={undefined}
          >
            00
          </span>,
          <span
            className={undefined}
          >
            .
          </span>,
          <span
            className={undefined}
          >
            0
          </span>,
          <span
            className={undefined}
          >
            0
          </span>,
        ],
        "className": undefined,
      },
      "ref": null,
      "rendered": Array [
        null,
        Object {
          "instance": null,
          "key": undefined,
          "nodeType": "host",
          "props": Object {
            "children": "00",
            "className": undefined,
          },
          "ref": null,
          "rendered": "00",
          "type": "span",
        },
        Object {
          "instance": null,
          "key": undefined,
          "nodeType": "host",
          "props": Object {
            "children": ".",
            "className": undefined,
          },
          "ref": null,
          "rendered": ".",
          "type": "span",
        },
        Object {
          "instance": null,
          "key": undefined,
          "nodeType": "host",
          "props": Object {
            "children": 0,
            "className": undefined,
          },
          "ref": null,
          "rendered": 0,
          "type": "span",
        },
        Object {
          "instance": null,
          "key": undefined,
          "nodeType": "host",
          "props": Object {
            "children": "0",
            "className": undefined,
          },
          "ref": null,
          "rendered": "0",
          "type": "span",
        },
      ],
      "type": "p",
    },
    "type": "div",
  },
  Symbol(enzyme.__nodes__): Array [
    Object {
      "instance": null,
      "key": undefined,
      "nodeType": "host",
      "props": Object {
        "children": <p
          className={undefined}
        >
          <span
            className={undefined}
          >
            00
          </span>
          <span
            className={undefined}
          >
            .
          </span>
          <span
            className={undefined}
          >
            0
          </span>
          <span
            className={undefined}
          >
            0
          </span>
        </p>,
        "className": "undefined",
      },
      "ref": null,
      "rendered": Object {
        "instance": null,
        "key": undefined,
        "nodeType": "host",
        "props": Object {
          "children": Array [
            null,
            <span
              className={undefined}
            >
              00
            </span>,
            <span
              className={undefined}
            >
              .
            </span>,
            <span
              className={undefined}
            >
              0
            </span>,
            <span
              className={undefined}
            >
              0
            </span>,
          ],
          "className": undefined,
        },
        "ref": null,
        "rendered": Array [
          null,
          Object {
            "instance": null,
            "key": undefined,
            "nodeType": "host",
            "props": Object {
              "children": "00",
              "className": undefined,
            },
            "ref": null,
            "rendered": "00",
            "type": "span",
          },
          Object {
            "instance": null,
            "key": undefined,
            "nodeType": "host",
            "props": Object {
              "children": ".",
              "className": undefined,
            },
            "ref": null,
            "rendered": ".",
            "type": "span",
          },
          Object {
            "instance": null,
            "key": undefined,
            "nodeType": "host",
            "props": Object {
              "children": 0,
              "className": undefined,
            },
            "ref": null,
            "rendered": 0,
            "type": "span",
          },
          Object {
            "instance": null,
            "key": undefined,
            "nodeType": "host",
            "props": Object {
              "children": "0",
              "className": undefined,
            },
            "ref": null,
            "rendered": "0",
            "type": "span",
          },
        ],
        "type": "p",
      },
      "type": "div",
    },
  ],
  Symbol(enzyme.__options__): Object {
    "adapter": ReactSixteenAdapter {
      "options": Object {
        "enableComponentDidUpdateOnSetState": true,
      },
    },
  },
}
`;
