// Jest Snapshot v1, https://goo.gl/fbAQLP

exports[`TimerWrapper should render TimerWrapper as expected 1`] = `<TimerWrapper />`;
